
makayac@IT-HQ-WS-12 MINGW64 ~/Documents/projects
$ git clone https://github.com/MakayaCan/my-first-repo.git
Cloning into 'my-first-repo'...
remote: Enumerating objects: 3, done.
remote: Counting objects: 100% (3/3), done.
remote: Compressing objects: 100% (2/2), done.
remote: Total 3 (delta 0), reused 0 (delta 0), pack-reused 0 (from 0)
Receiving objects: 100% (3/3), done.

makayac@IT-HQ-WS-12 MINGW64 ~/Documents/projects
$ ls -la
total 12
drwxr-xr-x 1 makayac 1049089 0 May 28 16:56 ./
drwxr-xr-x 1 makayac 1049089 0 May 28 16:53 ../
drwxr-xr-x 1 makayac 1049089 0 May 28 16:56 my-first-repo/

makayac@IT-HQ-WS-12 MINGW64 ~/Documents/projects
$ cd my-first-repo

makayac@IT-HQ-WS-12 MINGW64 ~/Documents/projects/my-first-repo (main)
$ ls -l
total 1
-rw-r--r-- 1 makayac 1049089 52 May 28 16:56 README.md

makayac@IT-HQ-WS-12 MINGW64 ~/Documents/projects/my-first-repo (main)
$ ls -la
total 5
drwxr-xr-x 1 makayac 1049089  0 May 28 16:56 ./
drwxr-xr-x 1 makayac 1049089  0 May 28 16:56 ../
drwxr-xr-x 1 makayac 1049089  0 May 28 16:56 .git/
-rw-r--r-- 1 makayac 1049089 52 May 28 16:56 README.md

makayac@IT-HQ-WS-12 MINGW64 ~/Documents/projects/my-first-repo (main)
$ touch gitNotes.txt

makayac@IT-HQ-WS-12 MINGW64 ~/Documents/projects/my-first-repo (main)
$ git status
On branch main
Your branch is up to date with 'origin/main'.

Untracked files:
  (use "git add <file>..." to include in what will be committed)
        gitNotes.txt

nothing added to commit but untracked files present (use "git add" to track)

makayac@IT-HQ-WS-12 MINGW64 ~/Documents/projects/my-first-repo (main)
$ touch test.txt

makayac@IT-HQ-WS-12 MINGW64 ~/Documents/projects/my-first-repo (main)
$ git status
On branch main
Your branch is up to date with 'origin/main'.

Untracked files:
  (use "git add <file>..." to include in what will be committed)
        gitNotes.txt
        test.txt

nothing added to commit but untracked files present (use "git add" to track)

makayac@IT-HQ-WS-12 MINGW64 ~/Documents/projects/my-first-repo (main)
$ git restore --stage test.txt
error: pathspec 'test.txt' did not match any file(s) known to git

makayac@IT-HQ-WS-12 MINGW64 ~/Documents/projects/my-first-repo (main)
$ git restore --staged test.txt
error: pathspec 'test.txt' did not match any file(s) known to git

makayac@IT-HQ-WS-12 MINGW64 ~/Documents/projects/my-first-repo (main)
$ git add test.txt

makayac@IT-HQ-WS-12 MINGW64 ~/Documents/projects/my-first-repo (main)
$ ls test.txt
test.txt

makayac@IT-HQ-WS-12 MINGW64 ~/Documents/projects/my-first-repo (main)
$ git restore test.txt

makayac@IT-HQ-WS-12 MINGW64 ~/Documents/projects/my-first-repo (main)
$ git status
On branch main
Your branch is up to date with 'origin/main'.

Changes to be committed:
  (use "git restore --staged <file>..." to unstage)
        new file:   test.txt

Untracked files:
  (use "git add <file>..." to include in what will be committed)
        gitNotes.txt


makayac@IT-HQ-WS-12 MINGW64 ~/Documents/projects/my-first-repo (main)
$ git commit -m "Adding a new file for testing"
[main fa11a41] Adding a new file for testing
 Committer: Canisio Makaya <makayac@telecelzw.co.zw>
Your name and email address were configured automatically based
on your username and hostname. Please check that they are accurate.
You can suppress this message by setting them explicitly. Run the
following command and follow the instructions in your editor to edit
your configuration file:

    git config --global --edit

After doing this, you may fix the identity used for this commit with:

    git commit --amend --reset-author

 1 file changed, 0 insertions(+), 0 deletions(-)
 create mode 100644 test.txt

makayac@IT-HQ-WS-12 MINGW64 ~/Documents/projects/my-first-repo (main)
$ git status
On branch main
Your branch is ahead of 'origin/main' by 1 commit.
  (use "git push" to publish your local commits)

Untracked files:
  (use "git add <file>..." to include in what will be committed)
        gitNotes.txt

nothing added to commit but untracked files present (use "git add" to track)

makayac@IT-HQ-WS-12 MINGW64 ~/Documents/projects/my-first-repo (main)
$ git checkout -B feature/lesson
Switched to a new branch 'feature/lesson'

makayac@IT-HQ-WS-12 MINGW64 ~/Documents/projects/my-first-repo (feature/lesson)
$  touch test2.txt

makayac@IT-HQ-WS-12 MINGW64 ~/Documents/projects/my-first-repo (feature/lesson)
$ git add test2.txt

makayac@IT-HQ-WS-12 MINGW64 ~/Documents/projects/my-first-repo (feature/lesson)
$ git add test2.txt

makayac@IT-HQ-WS-12 MINGW64 ~/Documents/projects/my-first-repo (feature/lesson)
$ git commit -m "Add test2.txt"
[feature/lesson 2272abd] Add test2.txt
 Committer: Canisio Makaya <makayac@telecelzw.co.zw>
Your name and email address were configured automatically based
on your username and hostname. Please check that they are accurate.
You can suppress this message by setting them explicitly. Run the
following command and follow the instructions in your editor to edit
your configuration file:

    git config --global --edit

After doing this, you may fix the identity used for this commit with:

    git commit --amend --reset-author

 1 file changed, 0 insertions(+), 0 deletions(-)
 create mode 100644 test2.txt

makayac@IT-HQ-WS-12 MINGW64 ~/Documents/projects/my-first-repo (feature/lesson)
$ git commit -m "Add test2.txt"
On branch feature/lesson
Untracked files:
  (use "git add <file>..." to include in what will be committed)
        gitNotes.txt

nothing added to commit but untracked files present (use "git add" to track)

makayac@IT-HQ-WS-12 MINGW64 ~/Documents/projects/my-first-repo (feature/lesson)
$ git push -u origin feature/lesson
info: please complete authentication in your browser...
Enumerating objects: 6, done.
Counting objects: 100% (6/6), done.
Delta compression using up to 12 threads
Compressing objects: 100% (4/4), done.
Writing objects: 100% (5/5), 478 bytes | 478.00 KiB/s, done.
Total 5 (delta 1), reused 0 (delta 0), pack-reused 0 (from 0)
remote: Resolving deltas: 100% (1/1), done.
remote:
remote: Create a pull request for 'feature/lesson' on GitHub by visiting:
remote:      https://github.com/MakayaCan/my-first-repo/pull/new/feature/lesson
remote:
To https://github.com/MakayaCan/my-first-repo.git
 * [new branch]      feature/lesson -> feature/lesson
branch 'feature/lesson' set up to track 'origin/feature/lesson'.

makayac@IT-HQ-WS-12 MINGW64 ~/Documents/projects/my-first-repo (feature/lesson)
$
